// Jest Snapshot v1, https://goo.gl/fbAQLP

exports[`Tests in HookApp should render 1`] = `
<div>
  <h1>
    Hola Mundo
  </h1>
</div>
`;
