// Jest Snapshot v1, https://goo.gl/fbAQLP

exports[`Pruebas en <HomeScreen /> Debe de mostrarse el componente correctamente 1`] = `
<div>
  <h1>
    HomeScreen
  </h1>
  <hr />
  <pre>
    {
   "name": "Fer",
   "email": "fer@fer.com"
}
  </pre>
</div>
`;
